--------------------------------------------------------------------------------
Release 10.1.03 Trace  (nt)
Copyright (c) 1995-2008 Xilinx, Inc.  All rights reserved.

C:\Xilinx\10.1\ISE\bin\nt\unwrapped\trce.exe -ise
C:/Users/Joao/Desktop/RESULTADOS/EstudoTanh/TestesRenan/TanhJoao/TanhJoaoIse/TanhJoao/TanhJoao.ise
-intstyle ise -v 3 -s 4 -xml TanhL TanhL.ncd -o TanhL.twr TanhL.pcf

Design file:              TanhL.ncd
Physical constraint file: TanhL.pcf
Device,package,speed:     xc3s500e,fg320,-4 (PRODUCTION 1.27 2008-01-09)
Report level:             verbose report

Environment Variable      Effect 
--------------------      ------ 
NONE                      No environment variables were set
--------------------------------------------------------------------------------

INFO:Timing:2698 - No timing constraints found, doing default enumeration.
INFO:Timing:2752 - To get complete path coverage, use the unconstrained paths 
   option. All paths that are not constrained will be reported in the 
   unconstrained paths section(s) of the report.
INFO:Timing:3339 - The clock-to-out numbers in this timing report are based on 
   a 50 Ohm transmission line loading model.  For the details of this model, 
   and for more information on accounting for different loading conditions, 
   please see the device datasheet.



Data Sheet report:
-----------------
All values displayed in nanoseconds (ns)

Pad to Pad
---------------+---------------+---------+
Source Pad     |Destination Pad|  Delay  |
---------------+---------------+---------+
INPUT<0>       |OUTPUT<0>      |   35.519|
INPUT<0>       |OUTPUT<1>      |   37.859|
INPUT<0>       |OUTPUT<2>      |   38.089|
INPUT<0>       |OUTPUT<3>      |   39.337|
INPUT<0>       |OUTPUT<4>      |   39.914|
INPUT<0>       |OUTPUT<5>      |   40.692|
INPUT<0>       |OUTPUT<6>      |   43.144|
INPUT<0>       |OUTPUT<7>      |   44.065|
INPUT<0>       |OUTPUT<8>      |   45.220|
INPUT<0>       |OUTPUT<9>      |   45.794|
INPUT<0>       |OUTPUT<10>     |   47.724|
INPUT<0>       |OUTPUT<11>     |   48.695|
INPUT<0>       |OUTPUT<12>     |   50.677|
INPUT<0>       |OUTPUT<13>     |   49.850|
INPUT<0>       |OUTPUT<14>     |   51.491|
INPUT<0>       |OUTPUT<15>     |   53.904|
INPUT<1>       |OUTPUT<0>      |   35.454|
INPUT<1>       |OUTPUT<1>      |   37.794|
INPUT<1>       |OUTPUT<2>      |   38.024|
INPUT<1>       |OUTPUT<3>      |   39.272|
INPUT<1>       |OUTPUT<4>      |   39.849|
INPUT<1>       |OUTPUT<5>      |   40.627|
INPUT<1>       |OUTPUT<6>      |   43.079|
INPUT<1>       |OUTPUT<7>      |   44.000|
INPUT<1>       |OUTPUT<8>      |   45.155|
INPUT<1>       |OUTPUT<9>      |   45.729|
INPUT<1>       |OUTPUT<10>     |   47.659|
INPUT<1>       |OUTPUT<11>     |   48.630|
INPUT<1>       |OUTPUT<12>     |   50.612|
INPUT<1>       |OUTPUT<13>     |   49.785|
INPUT<1>       |OUTPUT<14>     |   51.426|
INPUT<1>       |OUTPUT<15>     |   53.839|
INPUT<2>       |OUTPUT<0>      |   34.373|
INPUT<2>       |OUTPUT<1>      |   36.713|
INPUT<2>       |OUTPUT<2>      |   36.943|
INPUT<2>       |OUTPUT<3>      |   38.191|
INPUT<2>       |OUTPUT<4>      |   38.768|
INPUT<2>       |OUTPUT<5>      |   39.546|
INPUT<2>       |OUTPUT<6>      |   41.998|
INPUT<2>       |OUTPUT<7>      |   42.919|
INPUT<2>       |OUTPUT<8>      |   44.074|
INPUT<2>       |OUTPUT<9>      |   44.648|
INPUT<2>       |OUTPUT<10>     |   46.578|
INPUT<2>       |OUTPUT<11>     |   47.549|
INPUT<2>       |OUTPUT<12>     |   49.531|
INPUT<2>       |OUTPUT<13>     |   48.704|
INPUT<2>       |OUTPUT<14>     |   50.345|
INPUT<2>       |OUTPUT<15>     |   52.758|
INPUT<3>       |OUTPUT<0>      |   34.024|
INPUT<3>       |OUTPUT<1>      |   36.364|
INPUT<3>       |OUTPUT<2>      |   36.594|
INPUT<3>       |OUTPUT<3>      |   37.842|
INPUT<3>       |OUTPUT<4>      |   38.419|
INPUT<3>       |OUTPUT<5>      |   39.197|
INPUT<3>       |OUTPUT<6>      |   41.649|
INPUT<3>       |OUTPUT<7>      |   42.570|
INPUT<3>       |OUTPUT<8>      |   43.725|
INPUT<3>       |OUTPUT<9>      |   44.299|
INPUT<3>       |OUTPUT<10>     |   46.229|
INPUT<3>       |OUTPUT<11>     |   47.200|
INPUT<3>       |OUTPUT<12>     |   49.182|
INPUT<3>       |OUTPUT<13>     |   48.355|
INPUT<3>       |OUTPUT<14>     |   49.996|
INPUT<3>       |OUTPUT<15>     |   52.409|
INPUT<4>       |OUTPUT<0>      |   33.600|
INPUT<4>       |OUTPUT<1>      |   35.940|
INPUT<4>       |OUTPUT<2>      |   36.170|
INPUT<4>       |OUTPUT<3>      |   37.418|
INPUT<4>       |OUTPUT<4>      |   37.995|
INPUT<4>       |OUTPUT<5>      |   38.773|
INPUT<4>       |OUTPUT<6>      |   41.225|
INPUT<4>       |OUTPUT<7>      |   42.146|
INPUT<4>       |OUTPUT<8>      |   43.301|
INPUT<4>       |OUTPUT<9>      |   43.875|
INPUT<4>       |OUTPUT<10>     |   45.805|
INPUT<4>       |OUTPUT<11>     |   46.776|
INPUT<4>       |OUTPUT<12>     |   48.758|
INPUT<4>       |OUTPUT<13>     |   47.931|
INPUT<4>       |OUTPUT<14>     |   49.572|
INPUT<4>       |OUTPUT<15>     |   51.985|
INPUT<5>       |OUTPUT<0>      |   33.674|
INPUT<5>       |OUTPUT<1>      |   36.014|
INPUT<5>       |OUTPUT<2>      |   36.244|
INPUT<5>       |OUTPUT<3>      |   37.492|
INPUT<5>       |OUTPUT<4>      |   38.069|
INPUT<5>       |OUTPUT<5>      |   38.847|
INPUT<5>       |OUTPUT<6>      |   41.299|
INPUT<5>       |OUTPUT<7>      |   42.220|
INPUT<5>       |OUTPUT<8>      |   43.375|
INPUT<5>       |OUTPUT<9>      |   43.949|
INPUT<5>       |OUTPUT<10>     |   45.879|
INPUT<5>       |OUTPUT<11>     |   46.850|
INPUT<5>       |OUTPUT<12>     |   48.832|
INPUT<5>       |OUTPUT<13>     |   48.005|
INPUT<5>       |OUTPUT<14>     |   49.646|
INPUT<5>       |OUTPUT<15>     |   52.059|
INPUT<6>       |OUTPUT<0>      |   33.515|
INPUT<6>       |OUTPUT<1>      |   35.855|
INPUT<6>       |OUTPUT<2>      |   36.085|
INPUT<6>       |OUTPUT<3>      |   37.333|
INPUT<6>       |OUTPUT<4>      |   37.910|
INPUT<6>       |OUTPUT<5>      |   38.688|
INPUT<6>       |OUTPUT<6>      |   41.140|
INPUT<6>       |OUTPUT<7>      |   42.061|
INPUT<6>       |OUTPUT<8>      |   43.216|
INPUT<6>       |OUTPUT<9>      |   43.790|
INPUT<6>       |OUTPUT<10>     |   45.720|
INPUT<6>       |OUTPUT<11>     |   46.691|
INPUT<6>       |OUTPUT<12>     |   48.673|
INPUT<6>       |OUTPUT<13>     |   47.846|
INPUT<6>       |OUTPUT<14>     |   49.487|
INPUT<6>       |OUTPUT<15>     |   51.900|
INPUT<7>       |OUTPUT<0>      |   33.407|
INPUT<7>       |OUTPUT<1>      |   35.747|
INPUT<7>       |OUTPUT<2>      |   35.977|
INPUT<7>       |OUTPUT<3>      |   37.225|
INPUT<7>       |OUTPUT<4>      |   37.802|
INPUT<7>       |OUTPUT<5>      |   38.580|
INPUT<7>       |OUTPUT<6>      |   41.032|
INPUT<7>       |OUTPUT<7>      |   41.953|
INPUT<7>       |OUTPUT<8>      |   43.108|
INPUT<7>       |OUTPUT<9>      |   43.682|
INPUT<7>       |OUTPUT<10>     |   45.612|
INPUT<7>       |OUTPUT<11>     |   46.583|
INPUT<7>       |OUTPUT<12>     |   48.565|
INPUT<7>       |OUTPUT<13>     |   47.738|
INPUT<7>       |OUTPUT<14>     |   49.379|
INPUT<7>       |OUTPUT<15>     |   51.792|
INPUT<8>       |OUTPUT<0>      |   33.093|
INPUT<8>       |OUTPUT<1>      |   35.433|
INPUT<8>       |OUTPUT<2>      |   35.663|
INPUT<8>       |OUTPUT<3>      |   36.911|
INPUT<8>       |OUTPUT<4>      |   37.488|
INPUT<8>       |OUTPUT<5>      |   38.266|
INPUT<8>       |OUTPUT<6>      |   40.718|
INPUT<8>       |OUTPUT<7>      |   41.639|
INPUT<8>       |OUTPUT<8>      |   42.794|
INPUT<8>       |OUTPUT<9>      |   43.368|
INPUT<8>       |OUTPUT<10>     |   45.298|
INPUT<8>       |OUTPUT<11>     |   46.269|
INPUT<8>       |OUTPUT<12>     |   48.251|
INPUT<8>       |OUTPUT<13>     |   47.424|
INPUT<8>       |OUTPUT<14>     |   49.065|
INPUT<8>       |OUTPUT<15>     |   51.478|
INPUT<9>       |OUTPUT<0>      |   33.443|
INPUT<9>       |OUTPUT<1>      |   35.783|
INPUT<9>       |OUTPUT<2>      |   36.013|
INPUT<9>       |OUTPUT<3>      |   37.261|
INPUT<9>       |OUTPUT<4>      |   37.838|
INPUT<9>       |OUTPUT<5>      |   38.616|
INPUT<9>       |OUTPUT<6>      |   41.068|
INPUT<9>       |OUTPUT<7>      |   41.989|
INPUT<9>       |OUTPUT<8>      |   43.144|
INPUT<9>       |OUTPUT<9>      |   43.718|
INPUT<9>       |OUTPUT<10>     |   45.648|
INPUT<9>       |OUTPUT<11>     |   46.619|
INPUT<9>       |OUTPUT<12>     |   48.601|
INPUT<9>       |OUTPUT<13>     |   47.774|
INPUT<9>       |OUTPUT<14>     |   49.415|
INPUT<9>       |OUTPUT<15>     |   51.828|
INPUT<10>      |OUTPUT<0>      |   32.834|
INPUT<10>      |OUTPUT<1>      |   35.174|
INPUT<10>      |OUTPUT<2>      |   35.404|
INPUT<10>      |OUTPUT<3>      |   36.652|
INPUT<10>      |OUTPUT<4>      |   37.229|
INPUT<10>      |OUTPUT<5>      |   38.007|
INPUT<10>      |OUTPUT<6>      |   40.459|
INPUT<10>      |OUTPUT<7>      |   41.380|
INPUT<10>      |OUTPUT<8>      |   42.535|
INPUT<10>      |OUTPUT<9>      |   43.109|
INPUT<10>      |OUTPUT<10>     |   45.039|
INPUT<10>      |OUTPUT<11>     |   46.010|
INPUT<10>      |OUTPUT<12>     |   47.992|
INPUT<10>      |OUTPUT<13>     |   47.165|
INPUT<10>      |OUTPUT<14>     |   48.806|
INPUT<10>      |OUTPUT<15>     |   51.219|
INPUT<11>      |OUTPUT<0>      |   32.771|
INPUT<11>      |OUTPUT<1>      |   35.111|
INPUT<11>      |OUTPUT<2>      |   35.341|
INPUT<11>      |OUTPUT<3>      |   36.589|
INPUT<11>      |OUTPUT<4>      |   37.166|
INPUT<11>      |OUTPUT<5>      |   37.944|
INPUT<11>      |OUTPUT<6>      |   40.396|
INPUT<11>      |OUTPUT<7>      |   41.317|
INPUT<11>      |OUTPUT<8>      |   42.472|
INPUT<11>      |OUTPUT<9>      |   43.046|
INPUT<11>      |OUTPUT<10>     |   44.976|
INPUT<11>      |OUTPUT<11>     |   45.947|
INPUT<11>      |OUTPUT<12>     |   47.929|
INPUT<11>      |OUTPUT<13>     |   47.102|
INPUT<11>      |OUTPUT<14>     |   48.743|
INPUT<11>      |OUTPUT<15>     |   51.156|
INPUT<12>      |OUTPUT<0>      |   32.365|
INPUT<12>      |OUTPUT<1>      |   34.705|
INPUT<12>      |OUTPUT<2>      |   34.935|
INPUT<12>      |OUTPUT<3>      |   36.183|
INPUT<12>      |OUTPUT<4>      |   36.760|
INPUT<12>      |OUTPUT<5>      |   37.538|
INPUT<12>      |OUTPUT<6>      |   39.990|
INPUT<12>      |OUTPUT<7>      |   40.911|
INPUT<12>      |OUTPUT<8>      |   42.066|
INPUT<12>      |OUTPUT<9>      |   42.640|
INPUT<12>      |OUTPUT<10>     |   44.570|
INPUT<12>      |OUTPUT<11>     |   45.541|
INPUT<12>      |OUTPUT<12>     |   47.523|
INPUT<12>      |OUTPUT<13>     |   46.696|
INPUT<12>      |OUTPUT<14>     |   48.337|
INPUT<12>      |OUTPUT<15>     |   50.750|
INPUT<13>      |OUTPUT<0>      |   32.790|
INPUT<13>      |OUTPUT<1>      |   35.130|
INPUT<13>      |OUTPUT<2>      |   35.360|
INPUT<13>      |OUTPUT<3>      |   36.608|
INPUT<13>      |OUTPUT<4>      |   37.185|
INPUT<13>      |OUTPUT<5>      |   37.963|
INPUT<13>      |OUTPUT<6>      |   40.415|
INPUT<13>      |OUTPUT<7>      |   41.336|
INPUT<13>      |OUTPUT<8>      |   42.491|
INPUT<13>      |OUTPUT<9>      |   43.065|
INPUT<13>      |OUTPUT<10>     |   44.995|
INPUT<13>      |OUTPUT<11>     |   45.966|
INPUT<13>      |OUTPUT<12>     |   47.948|
INPUT<13>      |OUTPUT<13>     |   47.121|
INPUT<13>      |OUTPUT<14>     |   48.762|
INPUT<13>      |OUTPUT<15>     |   51.175|
INPUT<14>      |OUTPUT<0>      |   32.267|
INPUT<14>      |OUTPUT<1>      |   34.607|
INPUT<14>      |OUTPUT<2>      |   34.837|
INPUT<14>      |OUTPUT<3>      |   36.085|
INPUT<14>      |OUTPUT<4>      |   36.662|
INPUT<14>      |OUTPUT<5>      |   37.440|
INPUT<14>      |OUTPUT<6>      |   39.892|
INPUT<14>      |OUTPUT<7>      |   40.813|
INPUT<14>      |OUTPUT<8>      |   41.968|
INPUT<14>      |OUTPUT<9>      |   42.542|
INPUT<14>      |OUTPUT<10>     |   44.472|
INPUT<14>      |OUTPUT<11>     |   45.443|
INPUT<14>      |OUTPUT<12>     |   47.425|
INPUT<14>      |OUTPUT<13>     |   46.598|
INPUT<14>      |OUTPUT<14>     |   48.239|
INPUT<14>      |OUTPUT<15>     |   50.652|
INPUT<15>      |OUTPUT<0>      |   32.130|
INPUT<15>      |OUTPUT<1>      |   34.470|
INPUT<15>      |OUTPUT<2>      |   34.700|
INPUT<15>      |OUTPUT<3>      |   35.948|
INPUT<15>      |OUTPUT<4>      |   36.525|
INPUT<15>      |OUTPUT<5>      |   37.303|
INPUT<15>      |OUTPUT<6>      |   39.755|
INPUT<15>      |OUTPUT<7>      |   40.676|
INPUT<15>      |OUTPUT<8>      |   41.831|
INPUT<15>      |OUTPUT<9>      |   42.405|
INPUT<15>      |OUTPUT<10>     |   44.335|
INPUT<15>      |OUTPUT<11>     |   45.306|
INPUT<15>      |OUTPUT<12>     |   47.288|
INPUT<15>      |OUTPUT<13>     |   46.461|
INPUT<15>      |OUTPUT<14>     |   48.102|
INPUT<15>      |OUTPUT<15>     |   50.515|
INPUT<16>      |OUTPUT<0>      |   32.109|
INPUT<16>      |OUTPUT<1>      |   34.449|
INPUT<16>      |OUTPUT<2>      |   34.679|
INPUT<16>      |OUTPUT<3>      |   35.927|
INPUT<16>      |OUTPUT<4>      |   36.504|
INPUT<16>      |OUTPUT<5>      |   37.282|
INPUT<16>      |OUTPUT<6>      |   39.734|
INPUT<16>      |OUTPUT<7>      |   40.655|
INPUT<16>      |OUTPUT<8>      |   41.810|
INPUT<16>      |OUTPUT<9>      |   42.384|
INPUT<16>      |OUTPUT<10>     |   44.314|
INPUT<16>      |OUTPUT<11>     |   45.285|
INPUT<16>      |OUTPUT<12>     |   47.267|
INPUT<16>      |OUTPUT<13>     |   46.440|
INPUT<16>      |OUTPUT<14>     |   48.081|
INPUT<16>      |OUTPUT<15>     |   50.494|
INPUT<17>      |OUTPUT<0>      |   31.755|
INPUT<17>      |OUTPUT<1>      |   34.095|
INPUT<17>      |OUTPUT<2>      |   34.325|
INPUT<17>      |OUTPUT<3>      |   35.573|
INPUT<17>      |OUTPUT<4>      |   36.150|
INPUT<17>      |OUTPUT<5>      |   36.928|
INPUT<17>      |OUTPUT<6>      |   39.380|
INPUT<17>      |OUTPUT<7>      |   40.301|
INPUT<17>      |OUTPUT<8>      |   41.456|
INPUT<17>      |OUTPUT<9>      |   42.030|
INPUT<17>      |OUTPUT<10>     |   43.960|
INPUT<17>      |OUTPUT<11>     |   44.931|
INPUT<17>      |OUTPUT<12>     |   46.913|
INPUT<17>      |OUTPUT<13>     |   46.086|
INPUT<17>      |OUTPUT<14>     |   47.727|
INPUT<17>      |OUTPUT<15>     |   50.140|
INPUT<18>      |OUTPUT<0>      |   31.539|
INPUT<18>      |OUTPUT<1>      |   33.879|
INPUT<18>      |OUTPUT<2>      |   34.109|
INPUT<18>      |OUTPUT<3>      |   35.357|
INPUT<18>      |OUTPUT<4>      |   35.934|
INPUT<18>      |OUTPUT<5>      |   36.712|
INPUT<18>      |OUTPUT<6>      |   39.164|
INPUT<18>      |OUTPUT<7>      |   40.085|
INPUT<18>      |OUTPUT<8>      |   41.240|
INPUT<18>      |OUTPUT<9>      |   41.814|
INPUT<18>      |OUTPUT<10>     |   43.744|
INPUT<18>      |OUTPUT<11>     |   44.715|
INPUT<18>      |OUTPUT<12>     |   46.697|
INPUT<18>      |OUTPUT<13>     |   45.870|
INPUT<18>      |OUTPUT<14>     |   47.511|
INPUT<18>      |OUTPUT<15>     |   49.924|
INPUT<19>      |OUTPUT<0>      |   31.512|
INPUT<19>      |OUTPUT<1>      |   33.852|
INPUT<19>      |OUTPUT<2>      |   34.082|
INPUT<19>      |OUTPUT<3>      |   35.330|
INPUT<19>      |OUTPUT<4>      |   35.907|
INPUT<19>      |OUTPUT<5>      |   36.685|
INPUT<19>      |OUTPUT<6>      |   39.137|
INPUT<19>      |OUTPUT<7>      |   40.058|
INPUT<19>      |OUTPUT<8>      |   41.213|
INPUT<19>      |OUTPUT<9>      |   41.787|
INPUT<19>      |OUTPUT<10>     |   43.717|
INPUT<19>      |OUTPUT<11>     |   44.688|
INPUT<19>      |OUTPUT<12>     |   46.670|
INPUT<19>      |OUTPUT<13>     |   45.843|
INPUT<19>      |OUTPUT<14>     |   47.484|
INPUT<19>      |OUTPUT<15>     |   49.897|
INPUT<20>      |OUTPUT<0>      |   31.709|
INPUT<20>      |OUTPUT<1>      |   34.049|
INPUT<20>      |OUTPUT<2>      |   34.279|
INPUT<20>      |OUTPUT<3>      |   35.527|
INPUT<20>      |OUTPUT<4>      |   36.104|
INPUT<20>      |OUTPUT<5>      |   36.882|
INPUT<20>      |OUTPUT<6>      |   39.334|
INPUT<20>      |OUTPUT<7>      |   40.255|
INPUT<20>      |OUTPUT<8>      |   41.410|
INPUT<20>      |OUTPUT<9>      |   41.984|
INPUT<20>      |OUTPUT<10>     |   43.914|
INPUT<20>      |OUTPUT<11>     |   44.885|
INPUT<20>      |OUTPUT<12>     |   46.867|
INPUT<20>      |OUTPUT<13>     |   46.040|
INPUT<20>      |OUTPUT<14>     |   47.681|
INPUT<20>      |OUTPUT<15>     |   50.094|
INPUT<21>      |OUTPUT<0>      |   31.063|
INPUT<21>      |OUTPUT<1>      |   33.403|
INPUT<21>      |OUTPUT<2>      |   33.633|
INPUT<21>      |OUTPUT<3>      |   34.881|
INPUT<21>      |OUTPUT<4>      |   35.458|
INPUT<21>      |OUTPUT<5>      |   36.236|
INPUT<21>      |OUTPUT<6>      |   38.688|
INPUT<21>      |OUTPUT<7>      |   39.609|
INPUT<21>      |OUTPUT<8>      |   40.764|
INPUT<21>      |OUTPUT<9>      |   41.338|
INPUT<21>      |OUTPUT<10>     |   43.268|
INPUT<21>      |OUTPUT<11>     |   44.239|
INPUT<21>      |OUTPUT<12>     |   46.221|
INPUT<21>      |OUTPUT<13>     |   45.394|
INPUT<21>      |OUTPUT<14>     |   47.035|
INPUT<21>      |OUTPUT<15>     |   49.448|
INPUT<22>      |OUTPUT<0>      |   31.150|
INPUT<22>      |OUTPUT<1>      |   33.490|
INPUT<22>      |OUTPUT<2>      |   33.720|
INPUT<22>      |OUTPUT<3>      |   34.968|
INPUT<22>      |OUTPUT<4>      |   35.545|
INPUT<22>      |OUTPUT<5>      |   36.323|
INPUT<22>      |OUTPUT<6>      |   38.775|
INPUT<22>      |OUTPUT<7>      |   39.696|
INPUT<22>      |OUTPUT<8>      |   40.851|
INPUT<22>      |OUTPUT<9>      |   41.425|
INPUT<22>      |OUTPUT<10>     |   43.355|
INPUT<22>      |OUTPUT<11>     |   44.326|
INPUT<22>      |OUTPUT<12>     |   46.308|
INPUT<22>      |OUTPUT<13>     |   45.481|
INPUT<22>      |OUTPUT<14>     |   47.122|
INPUT<22>      |OUTPUT<15>     |   49.535|
INPUT<23>      |OUTPUT<0>      |   30.891|
INPUT<23>      |OUTPUT<1>      |   33.231|
INPUT<23>      |OUTPUT<2>      |   33.461|
INPUT<23>      |OUTPUT<3>      |   34.709|
INPUT<23>      |OUTPUT<4>      |   35.286|
INPUT<23>      |OUTPUT<5>      |   36.064|
INPUT<23>      |OUTPUT<6>      |   38.516|
INPUT<23>      |OUTPUT<7>      |   39.437|
INPUT<23>      |OUTPUT<8>      |   40.592|
INPUT<23>      |OUTPUT<9>      |   41.166|
INPUT<23>      |OUTPUT<10>     |   43.096|
INPUT<23>      |OUTPUT<11>     |   44.067|
INPUT<23>      |OUTPUT<12>     |   46.049|
INPUT<23>      |OUTPUT<13>     |   45.222|
INPUT<23>      |OUTPUT<14>     |   46.863|
INPUT<23>      |OUTPUT<15>     |   49.276|
INPUT<24>      |OUTPUT<0>      |   30.136|
INPUT<24>      |OUTPUT<1>      |   32.476|
INPUT<24>      |OUTPUT<2>      |   32.706|
INPUT<24>      |OUTPUT<3>      |   33.954|
INPUT<24>      |OUTPUT<4>      |   34.531|
INPUT<24>      |OUTPUT<5>      |   35.309|
INPUT<24>      |OUTPUT<6>      |   37.761|
INPUT<24>      |OUTPUT<7>      |   38.682|
INPUT<24>      |OUTPUT<8>      |   39.837|
INPUT<24>      |OUTPUT<9>      |   40.411|
INPUT<24>      |OUTPUT<10>     |   42.341|
INPUT<24>      |OUTPUT<11>     |   43.312|
INPUT<24>      |OUTPUT<12>     |   45.294|
INPUT<24>      |OUTPUT<13>     |   44.467|
INPUT<24>      |OUTPUT<14>     |   46.108|
INPUT<24>      |OUTPUT<15>     |   48.521|
---------------+---------------+---------+


Analysis completed Thu Apr 28 11:47:34 2016 
--------------------------------------------------------------------------------

Trace Settings:
-------------------------
Trace Settings 

Peak Memory Usage: 130 MB



