V3 19
FL C:/Users/Joao/Desktop/RESULTADOS/EstudoTanh/TestesRenan/TanhJoao/TanhJoaoIse/TanhJoao/Func1Grau.vhd 2016/04/28.11:35:45 K.39
EN work/Func1Grau 1461939059 \
      FL C:/Users/Joao/Desktop/RESULTADOS/EstudoTanh/TestesRenan/TanhJoao/TanhJoaoIse/TanhJoao/Func1Grau.vhd \
      PH ieee/NUMERIC_STD 1217055545 PB ieee/std_logic_1164 1217055545
AR work/Func1Grau/Func1Grau 1461939060 \
      FL C:/Users/Joao/Desktop/RESULTADOS/EstudoTanh/TestesRenan/TanhJoao/TanhJoaoIse/TanhJoao/Func1Grau.vhd \
      EN work/Func1Grau 1461939059 CP Multiplicador CP Somador
FL C:/Users/Joao/Desktop/RESULTADOS/EstudoTanh/TestesRenan/TanhJoao/TanhJoaoIse/TanhJoao/HalfAdder.vhd 2016/04/27.11:23:41 K.39
EN work/HalfAdder 1461939053 \
      FL C:/Users/Joao/Desktop/RESULTADOS/EstudoTanh/TestesRenan/TanhJoao/TanhJoaoIse/TanhJoao/HalfAdder.vhd \
      PB ieee/std_logic_1164 1217055545
AR work/HalfAdder/HalfAdder 1461939054 \
      FL C:/Users/Joao/Desktop/RESULTADOS/EstudoTanh/TestesRenan/TanhJoao/TanhJoaoIse/TanhJoao/HalfAdder.vhd \
      EN work/HalfAdder 1461939053
FL C:/Users/Joao/Desktop/RESULTADOS/EstudoTanh/TestesRenan/TanhJoao/TanhJoaoIse/TanhJoao/Multiplicador.vhd 2016/04/27.11:33:52 K.39
EN work/Multiplicador 1461939055 \
      FL C:/Users/Joao/Desktop/RESULTADOS/EstudoTanh/TestesRenan/TanhJoao/TanhJoaoIse/TanhJoao/Multiplicador.vhd \
      PH ieee/NUMERIC_STD 1217055545 PB ieee/std_logic_1164 1217055545
AR work/Multiplicador/Multiplicador 1461939056 \
      FL C:/Users/Joao/Desktop/RESULTADOS/EstudoTanh/TestesRenan/TanhJoao/TanhJoaoIse/TanhJoao/Multiplicador.vhd \
      EN work/Multiplicador 1461939055
FL C:/Users/Joao/Desktop/RESULTADOS/EstudoTanh/TestesRenan/TanhJoao/TanhJoaoIse/TanhJoao/Somador.vhd 2016/04/27.19:12:26 K.39
EN work/Somador 1461939057 \
      FL C:/Users/Joao/Desktop/RESULTADOS/EstudoTanh/TestesRenan/TanhJoao/TanhJoaoIse/TanhJoao/Somador.vhd \
      PB ieee/std_logic_1164 1217055545
AR work/Somador/Somador 1461939058 \
      FL C:/Users/Joao/Desktop/RESULTADOS/EstudoTanh/TestesRenan/TanhJoao/TanhJoaoIse/TanhJoao/Somador.vhd \
      EN work/Somador 1461939057 CP HALFADDER
FL C:/Users/Joao/Desktop/RESULTADOS/EstudoTanh/TestesRenan/TanhJoao/TanhJoaoIse/TanhJoao/TanhL.vhd 2016/04/29.11:10:48 K.39
EN work/TanhL 1461939061 \
      FL C:/Users/Joao/Desktop/RESULTADOS/EstudoTanh/TestesRenan/TanhJoao/TanhJoaoIse/TanhJoao/TanhL.vhd \
      PH ieee/NUMERIC_STD 1217055545 PB ieee/std_logic_1164 1217055545
AR work/TanhL/TanhL 1461939062 \
      FL C:/Users/Joao/Desktop/RESULTADOS/EstudoTanh/TestesRenan/TanhJoao/TanhJoaoIse/TanhJoao/TanhL.vhd \
      EN work/TanhL 1461939061 CP Func1Grau
